// Jest Snapshot v1, https://goo.gl/fbAQLP

exports[`CartItem with mock useContext hook 1`] = `
<Row
  className="cart-item"
  noGutters={false}
  xs={12}
>
  <Col
    xs={3}
  >
    <Image
      fluid={false}
      rounded={false}
      roundedCircle={false}
      src="/static/images/products/beverages/red-label.jpg"
      thumbnail={true}
    />
  </Col>
  <Col
    className="pl-0"
    xs={9}
  >
    <h5>
      Red Label Tea, 500 gm Carton
    </h5>
    <Button
      active={false}
      className="theme-button"
      disabled={false}
      onClick={[Function]}
      variant="primary"
    >
      -
    </Button>
    <span>
      3
    </span>
    <Button
      active={false}
      className="theme-button"
      disabled={false}
      onClick={[Function]}
      variant="primary"
    >
      +
    </Button>
    <span>
      x
    </span>
    <span>
      Rs.
      205
    </span>
    <span
      className="total"
    >
      Rs.
      615
    </span>
  </Col>
</Row>
`;
