// Jest Snapshot v1, https://goo.gl/fbAQLP

exports[`Category with mock useContext hook 1`] = `
<React.Fragment>
  <CategoryItem>
    <Col
      className="cat-card-img"
      md={6}
    >
      <Image
        fluid={true}
        rounded={false}
        roundedCircle={false}
        src="/static/images/category/beverages.png"
        thumbnail={false}
      />
    </Col>
    <Col
      className="cat-card-desc"
      md={6}
    >
      <h5>
        Beverages
      </h5>
      <p>
        Our beverage department will ensure your fridge is always fully stocked. Shop for soda, juice, beer and more. 
      </p>
      <Button
        active={false}
        className="theme-button"
        disabled={false}
        onClick={[Function]}
        variant="primary"
      >
        Explore 
        beverages
      </Button>
    </Col>
  </CategoryItem>
</React.Fragment>
`;
