// Jest Snapshot v1, https://goo.gl/fbAQLP

exports[`ProductItem with mock useContext hook 1`] = `
<Col
  className="pr-0"
  lg={3}
  md={6}
  sm={12}
>
  <Card
    body={false}
    className="brb-1-dashed"
  >
    <CardBody>
      <CardTitle>
        Epigamia Greek Yogurt - Blueberry, 90 gm Cup
      </CardTitle>
    </CardBody>
    <CardImg
      src="/static/images/products/bakery-cakes-dairy/yogurt-blue.jpg"
      variant="top"
    />
    <CardBody>
      <CardText>
        Epigama means in Ancient Greek meant a way to Formalize the relationship between different nations. Epigamia greek yogurt is one of the most authentic yoghurts which advocates a healthy lifestyle with delicious taste. An excellent source of protein without the added fat.
      </CardText>
      <div>
        <p
          className="card-price lg"
        >
          MRP Rs.
          40
        </p>
        <Button
          active={false}
          className="theme-button lg"
          disabled={false}
          onClick={[Function]}
          variant="primary"
        >
          Buy Now
        </Button>
        <Button
          active={false}
          className="theme-button md"
          disabled={false}
          onClick={[Function]}
          variant="primary"
        >
          Buy Now @ Rs.
          40
        </Button>
      </div>
    </CardBody>
  </Card>
</Col>
`;
