// Jest Snapshot v1, https://goo.gl/fbAQLP

exports[`ProductCategory with mock useContext hook 1`] = `
<Col
  className="bg-col-e8e8e8 pr-0 pl-0"
  md={3}
>
  <Card
    body={false}
    className="xs-hide"
    style={
      Object {
        "width": "100%",
      }
    }
  >
    <ListGroup
      variant="flush"
    >
      <React.Fragment>
        <ListGroupItem
          active={false}
          disabled={false}
        >
          <Link
            to="/products/5b68994e3d1a866534f516df"
          >
            Beauty and Hygiene
          </Link>
        </ListGroupItem>
      </React.Fragment>
    </ListGroup>
  </Card>
  <DropdownButton
    className="xs-only"
    id="dropdown-basic-button"
    title="Category Name"
  >
    <React.Fragment>
      <DropdownItem
        as={
          Object {
            "$$typeof": Symbol(react.forward_ref),
            "render": [Function],
          }
        }
        disabled={false}
      >
        <Link
          to="/products/5b68994e3d1a866534f516df"
        >
          Beauty and Hygiene
        </Link>
      </DropdownItem>
    </React.Fragment>
  </DropdownButton>
</Col>
`;
